// Jest Snapshot v1, https://goo.gl/fbAQLP

exports[`snapshot testing 1`] = `
<div
  class="MuiFormGroup-root css-dmmspl-MuiFormGroup-root"
/>
`;
